{
  "selects event type": {
    "objType": "Event",
    "name": "selects event type",
    "desc": "",
    "mainItem": true,
    "required": false,
    "evType": "et3dSimEv",
    "extEventType": "etEndSim"
  },
  "selects status event type": {
    "objType": "Event",
    "name": "selects status event type",
    "desc": "",
    "mainItem": true,
    "required": false,
    "evType": "et3dSimEv",
    "extEventType": "etStatus"
  },
  "sets variable change": {
    "objType": "Event",
    "name": "sets variable change",
    "desc": "",
    "mainItem": true,
    "required": false,
    "evType": "et3dSimEv",
    "extEventType": "etCompEv",
    "varNames": ["Test ExtSim Variable"],
    "variable": "Test ExtSim Variable"
  },
  "removes code variable": {
    "objType": "Event",
    "name": "removes code variable",
    "desc": "",
    "mainItem": true,
    "required": false,
    "evType": "et3dSimEv",
    "extEventType": "etCompEv",
    "varNames": [],
    "variable": "Test ExtSim Variable"
  }
}
